1. Logging in...
✅ Login successful. Token obtained.
2. Fetching competitions...
✅ Found competition ID: 9
3. Creating new organization...
New Org Response: {
  "id": 41,
  "name_official": "Test Org 1764891169077",
  "cnpj": null,
  "manager_user_id": "9e16dbe6-ee16-4073-a8c5-0f9978b34485",
  "team_manager_name": "Test Manager",
  "team_manager_contact": "123456789",
  "coach_name": "Test Coach",
  "coach_contact": "987654321"
}
✅ Created organization ID: 41
4. Attempting to register team (Org: 41, Comp: 9)...
✅ Registration SUCCESSFUL!
{
  id: 57,
  competition_id: 9,
  group_id: null,
  team_id: 21,
  status: 'CONFIRMED',
  created_at: '2025-12-04T23:32:52.901'
}
